// Jest Snapshot v1, https://goo.gl/fbAQLP

exports[`[SCREENS] sign Should render correctly 1`] = `
Object {
  "asFragment": [Function],
  "baseElement": <body>
    <div>
      <div
        class="sc-bdnylx loKanH"
      >
        <div
          class="sc-gtssRu dCIcPW"
        >
          <div
            class="sc-dlnjPT dxXvdR"
          >
            <a
              href="/"
            >
              <img
                alt="Recipes"
              />
            </a>
            <form>
              <h1>
                Faça seu login
              </h1>
              <input
                name="email"
                placeholder="E-mail"
                value=""
              />
              <input
                name="password"
                placeholder="Senha"
                type="password"
                value=""
              />
              <button
                type="submit"
              >
                Entrar
              </button>
            </form>
            <a
              href="/signup"
            >
              Criar conta
            </a>
          </div>
        </div>
        <div
          class="sc-hKFyIo ipKnoK"
        />
      </div>
    </div>
  </body>,
  "container": <div>
    <div
      class="sc-bdnylx loKanH"
    >
      <div
        class="sc-gtssRu dCIcPW"
      >
        <div
          class="sc-dlnjPT dxXvdR"
        >
          <a
            href="/"
          >
            <img
              alt="Recipes"
            />
          </a>
          <form>
            <h1>
              Faça seu login
            </h1>
            <input
              name="email"
              placeholder="E-mail"
              value=""
            />
            <input
              name="password"
              placeholder="Senha"
              type="password"
              value=""
            />
            <button
              type="submit"
            >
              Entrar
            </button>
          </form>
          <a
            href="/signup"
          >
            Criar conta
          </a>
        </div>
      </div>
      <div
        class="sc-hKFyIo ipKnoK"
      />
    </div>
  </div>,
  "debug": [Function],
  "findAllByAltText": [Function],
  "findAllByDisplayValue": [Function],
  "findAllByLabelText": [Function],
  "findAllByPlaceholderText": [Function],
  "findAllByRole": [Function],
  "findAllByTestId": [Function],
  "findAllByText": [Function],
  "findAllByTitle": [Function],
  "findByAltText": [Function],
  "findByDisplayValue": [Function],
  "findByLabelText": [Function],
  "findByPlaceholderText": [Function],
  "findByRole": [Function],
  "findByTestId": [Function],
  "findByText": [Function],
  "findByTitle": [Function],
  "getAllByAltText": [Function],
  "getAllByDisplayValue": [Function],
  "getAllByLabelText": [Function],
  "getAllByPlaceholderText": [Function],
  "getAllByRole": [Function],
  "getAllByTestId": [Function],
  "getAllByText": [Function],
  "getAllByTitle": [Function],
  "getByAltText": [Function],
  "getByDisplayValue": [Function],
  "getByLabelText": [Function],
  "getByPlaceholderText": [Function],
  "getByRole": [Function],
  "getByTestId": [Function],
  "getByText": [Function],
  "getByTitle": [Function],
  "queryAllByAltText": [Function],
  "queryAllByDisplayValue": [Function],
  "queryAllByLabelText": [Function],
  "queryAllByPlaceholderText": [Function],
  "queryAllByRole": [Function],
  "queryAllByTestId": [Function],
  "queryAllByText": [Function],
  "queryAllByTitle": [Function],
  "queryByAltText": [Function],
  "queryByDisplayValue": [Function],
  "queryByLabelText": [Function],
  "queryByPlaceholderText": [Function],
  "queryByRole": [Function],
  "queryByTestId": [Function],
  "queryByText": [Function],
  "queryByTitle": [Function],
  "rerender": [Function],
  "unmount": [Function],
}
`;
