// Jest Snapshot v1, https://goo.gl/fbAQLP

exports[`[COMPONENTS] UpRecipe Should render correctly 1`] = `
Object {
  "asFragment": [Function],
  "baseElement": <body>
    <div>
      <article
        class="sc-bdnylx fxXoRh"
      >
        <h1>
          Editar sua receita
        </h1>
        <article
          class="sc-gtssRu bWzDNG"
        >
          <form>
            <div>
              <div
                class="sc-hKFyIo hVTBOP"
              >
                <label>
                  <input
                    name="image"
                    type="file"
                  />
                  <svg
                    aria-hidden="true"
                    class="MuiSvgIcon-root MuiSvgIcon-fontSizeLarge"
                    focusable="false"
                    viewBox="0 0 24 24"
                  >
                    <path
                      d="M19.35 10.04C18.67 6.59 15.64 4 12 4 9.11 4 6.6 5.64 5.35 8.04 2.34 8.36 0 10.91 0 14c0 3.31 2.69 6 6 6h13c2.76 0 5-2.24 5-5 0-2.64-2.05-4.78-4.65-4.96zM14 13v4h-4v-4H7l5-5 5 5h-3z"
                    />
                  </svg>
                </label>
              </div>
              <div
                class="sc-dlnjPT ksZKJP"
              >
                <label
                  for="name"
                >
                  Nome da receita:
                </label>
                <input
                  name="name"
                  placeholder="Insira o nome da sua receita"
                  value="any_name"
                />
              </div>
              <div
                class="sc-dlnjPT ksZKJP"
              >
                <label
                  for="ingredients"
                >
                  Ingredientes:
                </label>
                <textarea
                  name="ingredients"
                  placeholder="Insira os ingredientes"
                >
                  any_ingredients
                </textarea>
              </div>
              <div
                class="sc-dlnjPT ksZKJP"
              >
                <label
                  for="mode_prepare"
                >
                  Modo de preparo:
                </label>
                <textarea
                  name="mode_prepare"
                  placeholder="Insira o modo de preparo"
                >
                  any_mode_prepare
                </textarea>
              </div>
              <div
                class="sc-dlnjPT ksZKJP"
              >
                <label
                  for="time"
                >
                  Tempo:
                </label>
                <input
                  name="time"
                  placeholder="Insira o tempo estimado"
                  value="any_time"
                />
              </div>
              <button
                type="submit"
              >
                Atualizar receita
              </button>
            </div>
          </form>
        </article>
      </article>
    </div>
  </body>,
  "container": <div>
    <article
      class="sc-bdnylx fxXoRh"
    >
      <h1>
        Editar sua receita
      </h1>
      <article
        class="sc-gtssRu bWzDNG"
      >
        <form>
          <div>
            <div
              class="sc-hKFyIo hVTBOP"
            >
              <label>
                <input
                  name="image"
                  type="file"
                />
                <svg
                  aria-hidden="true"
                  class="MuiSvgIcon-root MuiSvgIcon-fontSizeLarge"
                  focusable="false"
                  viewBox="0 0 24 24"
                >
                  <path
                    d="M19.35 10.04C18.67 6.59 15.64 4 12 4 9.11 4 6.6 5.64 5.35 8.04 2.34 8.36 0 10.91 0 14c0 3.31 2.69 6 6 6h13c2.76 0 5-2.24 5-5 0-2.64-2.05-4.78-4.65-4.96zM14 13v4h-4v-4H7l5-5 5 5h-3z"
                  />
                </svg>
              </label>
            </div>
            <div
              class="sc-dlnjPT ksZKJP"
            >
              <label
                for="name"
              >
                Nome da receita:
              </label>
              <input
                name="name"
                placeholder="Insira o nome da sua receita"
                value="any_name"
              />
            </div>
            <div
              class="sc-dlnjPT ksZKJP"
            >
              <label
                for="ingredients"
              >
                Ingredientes:
              </label>
              <textarea
                name="ingredients"
                placeholder="Insira os ingredientes"
              >
                any_ingredients
              </textarea>
            </div>
            <div
              class="sc-dlnjPT ksZKJP"
            >
              <label
                for="mode_prepare"
              >
                Modo de preparo:
              </label>
              <textarea
                name="mode_prepare"
                placeholder="Insira o modo de preparo"
              >
                any_mode_prepare
              </textarea>
            </div>
            <div
              class="sc-dlnjPT ksZKJP"
            >
              <label
                for="time"
              >
                Tempo:
              </label>
              <input
                name="time"
                placeholder="Insira o tempo estimado"
                value="any_time"
              />
            </div>
            <button
              type="submit"
            >
              Atualizar receita
            </button>
          </div>
        </form>
      </article>
    </article>
  </div>,
  "debug": [Function],
  "findAllByAltText": [Function],
  "findAllByDisplayValue": [Function],
  "findAllByLabelText": [Function],
  "findAllByPlaceholderText": [Function],
  "findAllByRole": [Function],
  "findAllByTestId": [Function],
  "findAllByText": [Function],
  "findAllByTitle": [Function],
  "findByAltText": [Function],
  "findByDisplayValue": [Function],
  "findByLabelText": [Function],
  "findByPlaceholderText": [Function],
  "findByRole": [Function],
  "findByTestId": [Function],
  "findByText": [Function],
  "findByTitle": [Function],
  "getAllByAltText": [Function],
  "getAllByDisplayValue": [Function],
  "getAllByLabelText": [Function],
  "getAllByPlaceholderText": [Function],
  "getAllByRole": [Function],
  "getAllByTestId": [Function],
  "getAllByText": [Function],
  "getAllByTitle": [Function],
  "getByAltText": [Function],
  "getByDisplayValue": [Function],
  "getByLabelText": [Function],
  "getByPlaceholderText": [Function],
  "getByRole": [Function],
  "getByTestId": [Function],
  "getByText": [Function],
  "getByTitle": [Function],
  "queryAllByAltText": [Function],
  "queryAllByDisplayValue": [Function],
  "queryAllByLabelText": [Function],
  "queryAllByPlaceholderText": [Function],
  "queryAllByRole": [Function],
  "queryAllByTestId": [Function],
  "queryAllByText": [Function],
  "queryAllByTitle": [Function],
  "queryByAltText": [Function],
  "queryByDisplayValue": [Function],
  "queryByLabelText": [Function],
  "queryByPlaceholderText": [Function],
  "queryByRole": [Function],
  "queryByTestId": [Function],
  "queryByText": [Function],
  "queryByTitle": [Function],
  "rerender": [Function],
  "unmount": [Function],
}
`;
