// Jest Snapshot v1, https://goo.gl/fbAQLP

exports[`[COMPONENTS] recipeItem Should render correctly 1`] = `
Object {
  "asFragment": [Function],
  "baseElement": <body>
    <div>
      <main
        class="sc-dlnjPT eCboIE"
      >
        <img
          alt="any_name"
          src="http://localhost:3333/files/any_image"
        />
        <h2>
          any_name
        </h2>
        <button
          type="submit"
        >
          Editar
        </button>
        <a
          href="/"
        >
          <button
            type="submit"
          >
            Apagar
          </button>
        </a>
      </main>
    </div>
    <div
      class="ReactModalPortal"
    />
    <div
      class="ReactModalPortal"
    />
  </body>,
  "container": <div>
    <main
      class="sc-dlnjPT eCboIE"
    >
      <img
        alt="any_name"
        src="http://localhost:3333/files/any_image"
      />
      <h2>
        any_name
      </h2>
      <button
        type="submit"
      >
        Editar
      </button>
      <a
        href="/"
      >
        <button
          type="submit"
        >
          Apagar
        </button>
      </a>
    </main>
  </div>,
  "debug": [Function],
  "findAllByAltText": [Function],
  "findAllByDisplayValue": [Function],
  "findAllByLabelText": [Function],
  "findAllByPlaceholderText": [Function],
  "findAllByRole": [Function],
  "findAllByTestId": [Function],
  "findAllByText": [Function],
  "findAllByTitle": [Function],
  "findByAltText": [Function],
  "findByDisplayValue": [Function],
  "findByLabelText": [Function],
  "findByPlaceholderText": [Function],
  "findByRole": [Function],
  "findByTestId": [Function],
  "findByText": [Function],
  "findByTitle": [Function],
  "getAllByAltText": [Function],
  "getAllByDisplayValue": [Function],
  "getAllByLabelText": [Function],
  "getAllByPlaceholderText": [Function],
  "getAllByRole": [Function],
  "getAllByTestId": [Function],
  "getAllByText": [Function],
  "getAllByTitle": [Function],
  "getByAltText": [Function],
  "getByDisplayValue": [Function],
  "getByLabelText": [Function],
  "getByPlaceholderText": [Function],
  "getByRole": [Function],
  "getByTestId": [Function],
  "getByText": [Function],
  "getByTitle": [Function],
  "queryAllByAltText": [Function],
  "queryAllByDisplayValue": [Function],
  "queryAllByLabelText": [Function],
  "queryAllByPlaceholderText": [Function],
  "queryAllByRole": [Function],
  "queryAllByTestId": [Function],
  "queryAllByText": [Function],
  "queryAllByTitle": [Function],
  "queryByAltText": [Function],
  "queryByDisplayValue": [Function],
  "queryByLabelText": [Function],
  "queryByPlaceholderText": [Function],
  "queryByRole": [Function],
  "queryByTestId": [Function],
  "queryByText": [Function],
  "queryByTitle": [Function],
  "rerender": [Function],
  "unmount": [Function],
}
`;
